// Jest Snapshot v1, https://goo.gl/fbAQLP

exports[`BusinessRoleList test should match snapshot 1`] = `
<div>
  <div
    class="container"
  >
    <div
      class="title"
    >
      Мобильный менеджер по продажам
    </div>
    <div
      class="wrapper"
    >
      <div
        class="ant-row block"
        style="margin: -15px -12px -15px -12px;"
      >
        <div
          class="ant-col ant-col-12"
          style="padding: 15px 12px 15px 12px;"
        >
          <div>
            Название
          </div>
          <div
            class="fieldValue"
          >
            Мобильный менеджер по продажам
          </div>
        </div>
        <div
          class="ant-col ant-col-12"
          style="padding: 15px 12px 15px 12px;"
        >
          <div>
            Описание
          </div>
          <div
            class="fieldValue"
          >
            description
          </div>
        </div>
        <div
          class="ant-col ant-col-12"
          style="padding: 15px 12px 15px 12px;"
        >
          <div>
            Начало действия
          </div>
          <div
            class="fieldValue"
          >
            <i>
              Начало действия отсутствует
            </i>
          </div>
        </div>
      </div>
      
    </div>
    <div
      class="btnGroup"
    >
      <button
        class="ant-btn ant-btn-primary"
        type="button"
      >
        <span>
          Редактировать
        </span>
      </button>
      <button
        class="ant-btn ant-btn-primary ant-btn-dangerous"
        type="button"
      >
        <span>
          Удалить
        </span>
      </button>
    </div>
  </div>
</div>
`;
