// Jest Snapshot v1, https://goo.gl/fbAQLP

exports[`<UserSkeletonLoading /> test should be mount snap 1`] = `"<div class=\\"skeleton\\"><div class=\\"ant-skeleton ant-skeleton-element ant-skeleton-active\\"><span class=\\"ant-skeleton-input ant-skeleton-input-sm\\" style=\\"width:400px;height:40px\\"></span></div><div class=\\"mainBlock\\"><div class=\\"labelsWrapperSkeleton\\"><div class=\\"labelsSkeleton\\"><div class=\\"ant-skeleton ant-skeleton-element ant-skeleton-active\\"><span class=\\"ant-skeleton-input ant-skeleton-input-sm\\" style=\\"height:25px\\"></span></div><div class=\\"ant-skeleton ant-skeleton-element ant-skeleton-active\\"><span class=\\"ant-skeleton-input ant-skeleton-input-sm\\" style=\\"height:25px\\"></span></div></div><div class=\\"labelsSkeleton\\"><div class=\\"ant-skeleton ant-skeleton-element ant-skeleton-active\\"><span class=\\"ant-skeleton-input ant-skeleton-input-sm\\" style=\\"height:25px\\"></span></div><div class=\\"ant-skeleton ant-skeleton-element ant-skeleton-active\\"><span class=\\"ant-skeleton-input ant-skeleton-input-sm\\" style=\\"height:25px\\"></span></div></div><div class=\\"labelsSkeleton\\"><div class=\\"ant-skeleton ant-skeleton-element ant-skeleton-active\\"><span class=\\"ant-skeleton-input ant-skeleton-input-sm\\" style=\\"height:25px\\"></span></div><div class=\\"ant-skeleton ant-skeleton-element ant-skeleton-active\\"><span class=\\"ant-skeleton-input ant-skeleton-input-sm\\" style=\\"height:25px\\"></span></div></div></div><div class=\\"labelsWrapperSkeleton\\"><div class=\\"labelsSkeleton\\"><div class=\\"ant-skeleton ant-skeleton-element ant-skeleton-active\\"><span class=\\"ant-skeleton-input ant-skeleton-input-sm\\" style=\\"height:25px\\"></span></div><div class=\\"ant-skeleton ant-skeleton-element ant-skeleton-active\\"><span class=\\"ant-skeleton-input ant-skeleton-input-sm\\" style=\\"height:25px\\"></span></div></div><div class=\\"labelsSkeleton\\"><div class=\\"ant-skeleton ant-skeleton-element ant-skeleton-active\\"><span class=\\"ant-skeleton-input ant-skeleton-input-sm\\" style=\\"height:25px\\"></span></div><div class=\\"ant-skeleton ant-skeleton-element ant-skeleton-active\\"><span class=\\"ant-skeleton-input ant-skeleton-input-sm\\" style=\\"height:25px\\"></span></div></div><div class=\\"labelsSkeleton\\"><div class=\\"ant-skeleton ant-skeleton-element ant-skeleton-active\\"><span class=\\"ant-skeleton-input ant-skeleton-input-sm\\" style=\\"height:25px\\"></span></div><div class=\\"ant-skeleton ant-skeleton-element ant-skeleton-active\\"><span class=\\"ant-skeleton-input ant-skeleton-input-sm\\" style=\\"height:25px\\"></span></div></div></div></div><div class=\\"mainBlock\\"><div class=\\"labelsWrapperSkeleton\\" style=\\"height:220px\\"><div class=\\"skeletonCheckBox\\"><div><div class=\\"ant-skeleton ant-skeleton-element ant-skeleton-active\\"><span class=\\"ant-skeleton-input ant-skeleton-input-sm\\" style=\\"height:25px\\"></span></div></div><div><div class=\\"ant-skeleton ant-skeleton-element ant-skeleton-active\\"><span class=\\"ant-skeleton-input ant-skeleton-input-sm\\" style=\\"height:25px\\"></span></div><div class=\\"ant-skeleton ant-skeleton-element ant-skeleton-active\\"><span class=\\"ant-skeleton-input ant-skeleton-input-sm\\" style=\\"height:25px\\"></span></div><div class=\\"ant-skeleton ant-skeleton-element ant-skeleton-active\\"><span class=\\"ant-skeleton-input ant-skeleton-input-sm\\" style=\\"height:25px\\"></span></div></div><div><div class=\\"ant-skeleton ant-skeleton-element ant-skeleton-active\\"><span class=\\"ant-skeleton-input ant-skeleton-input-sm\\" style=\\"height:25px\\"></span></div><div class=\\"ant-skeleton ant-skeleton-element ant-skeleton-active\\"><span class=\\"ant-skeleton-input ant-skeleton-input-sm\\" style=\\"height:25px\\"></span></div><div class=\\"ant-skeleton ant-skeleton-element ant-skeleton-active\\"><span class=\\"ant-skeleton-input ant-skeleton-input-sm\\" style=\\"height:25px\\"></span></div></div><div><div class=\\"ant-skeleton ant-skeleton-element ant-skeleton-active\\"><span class=\\"ant-skeleton-input ant-skeleton-input-sm\\" style=\\"height:25px\\"></span></div><div class=\\"ant-skeleton ant-skeleton-element ant-skeleton-active\\"><span class=\\"ant-skeleton-input ant-skeleton-input-sm\\" style=\\"height:25px\\"></span></div><div class=\\"ant-skeleton ant-skeleton-element ant-skeleton-active\\"><span class=\\"ant-skeleton-input ant-skeleton-input-sm\\" style=\\"height:25px\\"></span></div></div></div></div></div><div class=\\"buttonsSkeleton\\"><div class=\\"ant-skeleton ant-skeleton-element ant-skeleton-active\\"><span class=\\"ant-skeleton-input\\" style=\\"height:35px\\"></span></div><div class=\\"ant-skeleton ant-skeleton-element ant-skeleton-active\\"><span class=\\"ant-skeleton-input\\" style=\\"height:35px\\"></span></div><div class=\\"ant-skeleton ant-skeleton-element ant-skeleton-active\\"><span class=\\"ant-skeleton-input\\" style=\\"height:35px\\"></span></div></div></div>"`;
