// Jest Snapshot v1, https://goo.gl/fbAQLP

exports[`<StepVisibility /> tests StepVisibility snapshot 1`] = `"<div>PromoCampaignVisibilitySetting</div>"`;
