// Jest Snapshot v1, https://goo.gl/fbAQLP

exports[`<StepTextAndImage /> test StepTextAndImage snapshot 1`] = `[Function]`;
