// Jest Snapshot v1, https://goo.gl/fbAQLP

exports[`<PromoCampaignItemMenu /> test should match snapshot 1`] = `"<div class=\\"ant-dropdown-trigger menuButton dropdown\\"><span role=\\"img\\" aria-label=\\"ellipsis\\" class=\\"anticon anticon-ellipsis\\"><svg viewBox=\\"64 64 896 896\\" focusable=\\"false\\" class=\\"\\" data-icon=\\"ellipsis\\" width=\\"1em\\" height=\\"1em\\" fill=\\"currentColor\\" aria-hidden=\\"true\\"><path d=\\"M176 511a56 56 0 10112 0 56 56 0 10-112 0zm280 0a56 56 0 10112 0 56 56 0 10-112 0zm280 0a56 56 0 10112 0 56 56 0 10-112 0z\\"></path></svg></span></div>"`;
