// Jest Snapshot v1, https://goo.gl/fbAQLP

exports[`<UserMultiEdit /> test should be mount snap 1`] = `"<div class=\\"container\\"><div class=\\"backButton\\"><span role=\\"img\\" aria-label=\\"left\\" class=\\"anticon anticon-left\\"><svg viewBox=\\"64 64 896 896\\" focusable=\\"false\\" data-icon=\\"left\\" width=\\"1em\\" height=\\"1em\\" fill=\\"currentColor\\" aria-hidden=\\"true\\"><path d=\\"M724 218.3V141c0-6.7-7.7-10.4-12.9-6.3L260.3 486.8a31.86 31.86 0 000 50.3l450.8 352.1c5.3 4.1 12.9.4 12.9-6.3v-77.3c0-4.9-2.3-9.6-6.1-12.6l-360-281 360-281.1c3.8-3 6.1-7.7 6.1-12.6z\\"></path></svg></span>  Назад</div><div class=\\"avatar\\"><span role=\\"img\\" aria-label=\\"user\\" style=\\"font-size: 22px; color: rgb(255, 255, 255); background-color: rgb(193, 200, 209); border-radius: 50px; width: 32px; height: 32px; padding: 3px;\\" tabindex=\\"-1\\" class=\\"anticon anticon-user ant-dropdown-trigger dropdown\\"><svg viewBox=\\"64 64 896 896\\" focusable=\\"false\\" data-icon=\\"user\\" width=\\"1em\\" height=\\"1em\\" fill=\\"currentColor\\" aria-hidden=\\"true\\"><path d=\\"M858.5 763.6a374 374 0 00-80.6-119.5 375.63 375.63 0 00-119.5-80.6c-.4-.2-.8-.3-1.2-.5C719.5 518 760 444.7 760 362c0-137-111-248-248-248S264 225 264 362c0 82.7 40.5 156 102.8 201.1-.4.2-.8.3-1.2.5-44.8 18.9-85 46-119.5 80.6a375.63 375.63 0 00-80.6 119.5A371.7 371.7 0 00136 901.8a8 8 0 008 8.2h60c4.4 0 7.9-3.5 8-7.8 2-77.2 33-149.5 87.8-204.3 56.7-56.7 132-87.9 212.2-87.9s155.5 31.2 212.2 87.9C779 752.7 810 825 812 902.2c.1 4.4 3.6 7.8 8 7.8h60a8 8 0 008-8.2c-1-47.8-10.9-94.3-29.5-138.2zM512 534c-45.9 0-89.1-17.9-121.6-50.4S340 407.9 340 362c0-45.9 17.9-89.1 50.4-121.6S466.1 190 512 190s89.1 17.9 121.6 50.4S684 316.1 684 362c0 45.9-17.9 89.1-50.4 121.6S557.9 534 512 534z\\"></path></svg></span></div></div><div class=\\"container\\"><div class=\\"header\\"><h4>Пользователи</h4><div class=\\"pageTitle\\">Выбрано пользователей 2</div></div><div class=\\"formContainer\\"><form class=\\"ant-form ant-form-horizontal ant-form-hide-required-mark form\\"><div class=\\"formColumn\\"><div class=\\"formLabel\\"><label for=\\"rc_select_0\\">Выберите локацию</label></div><div class=\\"inputWrapper\\"><div class=\\"ant-select ant-select-auto-complete autocompleteInput ant-select-single ant-select-allow-clear ant-select-customize-input ant-select-show-search\\"><div class=\\"ant-select-selector\\"><span class=\\"ant-select-selection-search\\"><span class=\\"ant-input-affix-wrapper ant-select-selection-search-input\\"><input autocomplete=\\"off\\" placeholder=\\"Область, город...\\" name=\\"location\\" type=\\"search\\" class=\\"ant-input\\" role=\\"combobox\\" aria-haspopup=\\"listbox\\" aria-owns=\\"rc_select_TEST_OR_SSR_list\\" aria-autocomplete=\\"list\\" aria-controls=\\"rc_select_TEST_OR_SSR_list\\" aria-activedescendant=\\"rc_select_TEST_OR_SSR_list_0\\" value=\\"\\" id=\\"rc_select_TEST_OR_SSR\\"><span class=\\"ant-input-suffix\\"><span role=\\"img\\" aria-label=\\"search\\" class=\\"anticon anticon-search suffix\\"><svg viewBox=\\"64 64 896 896\\" focusable=\\"false\\" data-icon=\\"search\\" width=\\"1em\\" height=\\"1em\\" fill=\\"currentColor\\" aria-hidden=\\"true\\"><path d=\\"M909.6 854.5L649.9 594.8C690.2 542.7 712 479 712 412c0-80.2-31.3-155.4-87.9-212.1-56.6-56.7-132-87.9-212.1-87.9s-155.5 31.3-212.1 87.9C143.2 256.5 112 331.8 112 412c0 80.1 31.3 155.5 87.9 212.1C256.5 680.8 331.8 712 412 712c67 0 130.6-21.8 182.7-62l259.7 259.6a8.2 8.2 0 0011.6 0l43.6-43.5a8.2 8.2 0 000-11.6zM570.4 570.4C528 612.7 471.8 636 412 636s-116-23.3-158.4-65.6C211.3 528 188 471.8 188 412s23.3-116.1 65.6-158.4C296 211.3 352.2 188 412 188s116.1 23.2 158.4 65.6S636 352.2 636 412s-23.3 116.1-65.6 158.4z\\"></path></svg></span></span></span></span><span class=\\"ant-select-selection-placeholder\\"></span></div></div></div></div><div class=\\"formColumn\\"><div class=\\"formLabel required\\"><label for=\\"rc_select_1\\">Выберите точку продажи</label></div><div><div class=\\"ant-select ant-select-auto-complete autocompleteInput ant-select-single ant-select-allow-clear ant-select-customize-input ant-select-show-search\\"><div class=\\"ant-select-selector\\"><span class=\\"ant-select-selection-search\\"><span class=\\"ant-input-affix-wrapper ant-select-selection-search-input\\"><input autocomplete=\\"off\\" placeholder=\\"Отделение ВСП\\" name=\\"salePoint\\" type=\\"search\\" class=\\"ant-input\\" role=\\"combobox\\" aria-haspopup=\\"listbox\\" aria-owns=\\"rc_select_TEST_OR_SSR_list\\" aria-autocomplete=\\"list\\" aria-controls=\\"rc_select_TEST_OR_SSR_list\\" aria-activedescendant=\\"rc_select_TEST_OR_SSR_list_0\\" value=\\"\\" id=\\"rc_select_TEST_OR_SSR\\"><span class=\\"ant-input-suffix\\"><span role=\\"img\\" aria-label=\\"search\\" class=\\"anticon anticon-search suffix\\"><svg viewBox=\\"64 64 896 896\\" focusable=\\"false\\" data-icon=\\"search\\" width=\\"1em\\" height=\\"1em\\" fill=\\"currentColor\\" aria-hidden=\\"true\\"><path d=\\"M909.6 854.5L649.9 594.8C690.2 542.7 712 479 712 412c0-80.2-31.3-155.4-87.9-212.1-56.6-56.7-132-87.9-212.1-87.9s-155.5 31.3-212.1 87.9C143.2 256.5 112 331.8 112 412c0 80.1 31.3 155.5 87.9 212.1C256.5 680.8 331.8 712 412 712c67 0 130.6-21.8 182.7-62l259.7 259.6a8.2 8.2 0 0011.6 0l43.6-43.5a8.2 8.2 0 000-11.6zM570.4 570.4C528 612.7 471.8 636 412 636s-116-23.3-158.4-65.6C211.3 528 188 471.8 188 412s23.3-116.1 65.6-158.4C296 211.3 352.2 188 412 188s116.1 23.2 158.4 65.6S636 352.2 636 412s-23.3 116.1-65.6 158.4z\\"></path></svg></span></span></span></span><span class=\\"ant-select-selection-placeholder\\"></span></div></div></div></div></form></div><div class=\\"buttonsContainer\\"><button type=\\"button\\" class=\\"ant-btn ant-btn-ghost\\"><span>Отменить</span></button><button type=\\"button\\" class=\\"ant-btn ant-btn-primary\\"><span>Сохранить</span></button><button type=\\"button\\" class=\\"ant-btn ant-btn-primary ant-btn-dangerous\\"><span>Удалить</span></button></div></div>"`;
