// Jest Snapshot v1, https://goo.gl/fbAQLP

exports[`<SelectTags /> tests SelectTags snapshot 1`] = `"<div class=\\"ant-select select ant-select-multiple ant-select-show-arrow\\"><div class=\\"ant-select-selector\\"><div class=\\"ant-select-selection-overflow\\"><div class=\\"ant-select-selection-overflow-item ant-select-selection-overflow-item-rest\\" style=\\"opacity:0;height:0;overflow-y:hidden;order:9007199254740991;pointer-events:none;position:absolute\\" aria-hidden=\\"true\\"><span class=\\"ant-select-selection-item\\"><span class=\\"ant-select-selection-item-content\\"><span>...</span></span></span></div><div class=\\"ant-select-selection-overflow-item ant-select-selection-overflow-item-suffix\\" style=\\"opacity:1;order:0\\"><div class=\\"ant-select-selection-search\\" style=\\"width:0\\"><input type=\\"search\\" autoComplete=\\"off\\" class=\\"ant-select-selection-search-input\\" role=\\"combobox\\" aria-haspopup=\\"listbox\\" aria-owns=\\"undefined_list\\" aria-autocomplete=\\"list\\" aria-controls=\\"undefined_list\\" aria-activedescendant=\\"undefined_list_0\\" value=\\"\\"/><span class=\\"ant-select-selection-search-mirror\\" aria-hidden=\\"true\\">Â </span></div></div></div></div><span class=\\"ant-select-arrow\\" style=\\"user-select:none;-webkit-user-select:none\\" unselectable=\\"on\\" aria-hidden=\\"true\\"><div class=\\"suffixBlock\\"><span role=\\"img\\" aria-label=\\"down\\" class=\\"anticon anticon-down icon\\"><svg viewBox=\\"64 64 896 896\\" focusable=\\"false\\" data-icon=\\"down\\" width=\\"1em\\" height=\\"1em\\" fill=\\"currentColor\\" aria-hidden=\\"true\\"><path d=\\"M884 256h-75c-5.1 0-9.9 2.5-12.9 6.6L512 654.2 227.9 262.6c-3-4.1-7.8-6.6-12.9-6.6h-75c-6.5 0-10.3 7.4-6.5 12.7l352.6 486.1c12.8 17.6 39 17.6 51.7 0l352.6-486.1c3.9-5.3.1-12.7-6.4-12.7z\\"></path></svg></span><div class=\\"closeIcon\\"><div class=\\"selectedCount\\">2</div><span role=\\"img\\" aria-label=\\"close\\" size=\\"25\\" tabindex=\\"-1\\" class=\\"anticon anticon-close icon\\"><svg viewBox=\\"64 64 896 896\\" focusable=\\"false\\" data-icon=\\"close\\" width=\\"1em\\" height=\\"1em\\" fill=\\"currentColor\\" aria-hidden=\\"true\\"><path d=\\"M563.8 512l262.5-312.9c4.4-5.2.7-13.1-6.1-13.1h-79.8c-4.7 0-9.2 2.1-12.3 5.7L511.6 449.8 295.1 191.7c-3-3.6-7.5-5.7-12.3-5.7H203c-6.8 0-10.5 7.9-6.1 13.1L459.4 512 196.9 824.9A7.95 7.95 0 00203 838h79.8c4.7 0 9.2-2.1 12.3-5.7l216.5-258.1 216.5 258.1c3 3.6 7.5 5.7 12.3 5.7h79.8c6.8 0 10.5-7.9 6.1-13.1L563.8 512z\\"></path></svg></span></div></div></span></div>"`;
