// Jest Snapshot v1, https://goo.gl/fbAQLP

exports[`<SalePointTypeForm /> test should match snapshot 1`] = `"<div><div class=\\"loadingContainer\\" data-testid=\\"loader\\"><div class=\\"loading\\"><span role=\\"img\\" aria-label=\\"sync\\" class=\\"anticon anticon-sync anticon-spin\\"><svg viewBox=\\"64 64 896 896\\" focusable=\\"false\\" data-icon=\\"sync\\" width=\\"1em\\" height=\\"1em\\" fill=\\"currentColor\\" aria-hidden=\\"true\\"><path d=\\"M168 504.2c1-43.7 10-86.1 26.9-126 17.3-41 42.1-77.7 73.7-109.4S337 212.3 378 195c42.4-17.9 87.4-27 133.9-27s91.5 9.1 133.8 27A341.5 341.5 0 01755 268.8c9.9 9.9 19.2 20.4 27.8 31.4l-60.2 47a8 8 0 003 14.1l175.7 43c5 1.2 9.9-2.6 9.9-7.7l.8-180.9c0-6.7-7.7-10.5-12.9-6.3l-56.4 44.1C765.8 155.1 646.2 92 511.8 92 282.7 92 96.3 275.6 92 503.8a8 8 0 008 8.2h60c4.4 0 7.9-3.5 8-7.8zm756 7.8h-60c-4.4 0-7.9 3.5-8 7.8-1 43.7-10 86.1-26.9 126-17.3 41-42.1 77.8-73.7 109.4A342.45 342.45 0 01512.1 856a342.24 342.24 0 01-243.2-100.8c-9.9-9.9-19.2-20.4-27.8-31.4l60.2-47a8 8 0 00-3-14.1l-175.7-43c-5-1.2-9.9 2.6-9.9 7.7l-.7 181c0 6.7 7.7 10.5 12.9 6.3l56.4-44.1C258.2 868.9 377.8 932 512.2 932c229.2 0 415.5-183.7 419.8-411.8a8 8 0 00-8-8.2z\\"></path></svg></span></div></div><div class=\\"wrapper\\"><div class=\\"pageTitle\\">Новый тип точки продажи</div><div class=\\"formStyles\\"><div class=\\"formWrapper\\"><form id=\\"sale-point-type\\" class=\\"ant-form ant-form-vertical\\"><div class=\\"ant-row\\" style=\\"margin-left:-12px;margin-right:-12px\\"><div style=\\"padding-left:12px;padding-right:12px\\" class=\\"ant-col ant-col-12\\"><div class=\\"ant-row ant-form-item\\"><div class=\\"ant-col ant-form-item-label\\"><label for=\\"name\\" class=\\"ant-form-item-required\\" title=\\"Название типа точки продаж\\">Название типа точки продаж</label></div><div class=\\"ant-col ant-form-item-control\\"><div class=\\"ant-form-item-control-input\\"><div class=\\"ant-form-item-control-input-content\\"><span class=\\"ant-input-affix-wrapper\\"><input type=\\"text\\" placeholder=\\"Название\\" maxLength=\\"50\\" value=\\"\\" id=\\"name\\" class=\\"ant-input\\"/><span class=\\"ant-input-suffix\\"><span role=\\"button\\" aria-label=\\"close-circle\\" tabindex=\\"-1\\" class=\\"anticon anticon-close-circle ant-input-clear-icon-hidden ant-input-clear-icon\\"><svg viewBox=\\"64 64 896 896\\" focusable=\\"false\\" data-icon=\\"close-circle\\" width=\\"1em\\" height=\\"1em\\" fill=\\"currentColor\\" aria-hidden=\\"true\\"><path d=\\"M512 64C264.6 64 64 264.6 64 512s200.6 448 448 448 448-200.6 448-448S759.4 64 512 64zm165.4 618.2l-66-.3L512 563.4l-99.3 118.4-66.1.3c-4.4 0-8-3.5-8-8 0-1.9.7-3.7 1.9-5.2l130.1-155L340.5 359a8.32 8.32 0 01-1.9-5.2c0-4.4 3.6-8 8-8l66.1.3L512 464.6l99.3-118.4 66-.3c4.4 0 8 3.5 8 8 0 1.9-.7 3.7-1.9 5.2L553.5 514l130 155c1.2 1.5 1.9 3.3 1.9 5.2 0 4.4-3.6 8-8 8z\\"></path></svg></span></span></span></div></div></div></div><div class=\\"ant-row ant-form-item\\"><div class=\\"ant-col ant-form-item-label\\"><label for=\\"description\\" class=\\"\\" title=\\"Описание типа точки продаж\\">Описание типа точки продаж</label></div><div class=\\"ant-col ant-form-item-control\\"><div class=\\"ant-form-item-control-input\\"><div class=\\"ant-form-item-control-input-content\\"><textarea placeholder=\\"Описание\\" id=\\"description\\" class=\\"ant-input\\"></textarea></div></div></div></div></div><div style=\\"padding-left:12px;padding-right:12px\\" class=\\"ant-col ant-col-12\\"><div class=\\"ant-row ant-form-item\\"><div class=\\"ant-col ant-form-item-label\\"><label for=\\"priority\\" class=\\"ant-form-item-required\\" title=\\"Приоритет типа точки продаж\\">Приоритет типа точки продаж</label></div><div class=\\"ant-col ant-form-item-control\\"><div class=\\"ant-form-item-control-input\\"><div class=\\"ant-form-item-control-input-content\\"><span class=\\"ant-input-affix-wrapper\\"><input type=\\"text\\" placeholder=\\"Приоритет\\" maxLength=\\"3\\" value=\\"\\" id=\\"priority\\" class=\\"ant-input\\"/><span class=\\"ant-input-suffix\\"><span role=\\"button\\" aria-label=\\"close-circle\\" tabindex=\\"-1\\" class=\\"anticon anticon-close-circle ant-input-clear-icon-hidden ant-input-clear-icon\\"><svg viewBox=\\"64 64 896 896\\" focusable=\\"false\\" data-icon=\\"close-circle\\" width=\\"1em\\" height=\\"1em\\" fill=\\"currentColor\\" aria-hidden=\\"true\\"><path d=\\"M512 64C264.6 64 64 264.6 64 512s200.6 448 448 448 448-200.6 448-448S759.4 64 512 64zm165.4 618.2l-66-.3L512 563.4l-99.3 118.4-66.1.3c-4.4 0-8-3.5-8-8 0-1.9.7-3.7 1.9-5.2l130.1-155L340.5 359a8.32 8.32 0 01-1.9-5.2c0-4.4 3.6-8 8-8l66.1.3L512 464.6l99.3-118.4 66-.3c4.4 0 8 3.5 8 8 0 1.9-.7 3.7-1.9 5.2L553.5 514l130 155c1.2 1.5 1.9 3.3 1.9 5.2 0 4.4-3.6 8-8 8z\\"></path></svg></span></span></span></div></div></div></div><div class=\\"ant-row ant-form-item\\"><div class=\\"ant-col ant-form-item-label\\"><label for=\\"kind\\" class=\\"\\" title=\\"Вид точки продаж\\">Вид точки продаж</label></div><div class=\\"ant-col ant-form-item-control\\"><div class=\\"ant-form-item-control-input\\"><div class=\\"ant-form-item-control-input-content\\"><div class=\\"ant-radio-group ant-radio-group-outline\\" id=\\"kind\\"><label class=\\"ant-radio-wrapper ant-radio-wrapper-checked\\"><span class=\\"ant-radio ant-radio-checked\\"><input type=\\"radio\\" class=\\"ant-radio-input\\" checked=\\"\\" value=\\"INTERNAL\\"/><span class=\\"ant-radio-inner\\"></span></span><span>Внутренняя</span></label><label class=\\"ant-radio-wrapper\\"><span class=\\"ant-radio\\"><input type=\\"radio\\" class=\\"ant-radio-input\\" value=\\"EXTERNAL\\"/><span class=\\"ant-radio-inner\\"></span></span><span>Внешняя</span></label></div></div></div></div></div></div></div></form></div></div><div class=\\"buttonsContainer\\"><button type=\\"button\\" class=\\"ant-btn\\"><span>Отменить</span></button><button form=\\"sale-point-type\\" type=\\"submit\\" class=\\"ant-btn ant-btn-primary\\"><span>Добавить</span></button></div></div></div>"`;
