// Jest Snapshot v1, https://goo.gl/fbAQLP

exports[`<FormConstructor /> test should be mount snap 1`] = `
"<Row className=\\"propertiesRow\\" gutter={{...}}>
  <Col className=\\"colFlex\\" span=\\"span\\">
    <FormItem rules=\\"rules\\" name=\\"name\\" className=\\"\\" label=\\"label\\" validateFirst={true}>
      <FormInputByType isEdit={false} value={{...}} />
    </FormItem>
  </Col>
</Row>"
`;

exports[`<FormConstructor /> test should render bannerType 1`] = `"<div class=\\"imageBlock\\"><div class=\\"imageContainer\\"><img class=\\"img\\" style=\\"background:linear-gradient(gradient)\\" src=\\"/images/clientAppDesign/vitrina_theme.png\\" alt=\\"banner\\"/></div></div>"`;

exports[`<FormConstructor /> test should render checkBoxes 1`] = `"<div class=\\"ant-checkbox-group\\"></div>"`;

exports[`<FormConstructor /> test should render div in default with editMode 1`] = `"<div class=\\"infoText\\">test</div>"`;

exports[`<FormConstructor /> test should render input in default 1`] = `"<span class=\\"ant-input-affix-wrapper\\"><input type=\\"text\\" value=\\"[object Object]\\" class=\\"ant-input\\"/><span class=\\"ant-input-suffix\\"><span role=\\"button\\" aria-label=\\"close-circle\\" tabindex=\\"-1\\" class=\\"anticon anticon-close-circle ant-input-clear-icon\\"><svg viewBox=\\"64 64 896 896\\" focusable=\\"false\\" data-icon=\\"close-circle\\" width=\\"1em\\" height=\\"1em\\" fill=\\"currentColor\\" aria-hidden=\\"true\\"><path d=\\"M512 64C264.6 64 64 264.6 64 512s200.6 448 448 448 448-200.6 448-448S759.4 64 512 64zm165.4 618.2l-66-.3L512 563.4l-99.3 118.4-66.1.3c-4.4 0-8-3.5-8-8 0-1.9.7-3.7 1.9-5.2l130.1-155L340.5 359a8.32 8.32 0 01-1.9-5.2c0-4.4 3.6-8 8-8l66.1.3L512 464.6l99.3-118.4 66-.3c4.4 0 8 3.5 8 8 0 1.9-.7 3.7-1.9 5.2L553.5 514l130 155c1.2 1.5 1.9 3.3 1.9 5.2 0 4.4-3.6 8-8 8z\\"></path></svg></span></span></span>"`;

exports[`<FormConstructor /> test should render textBlock 1`] = `"<textarea class=\\"ant-input\\">[object Object]</textarea>"`;
