// Jest Snapshot v1, https://goo.gl/fbAQLP

exports[`BusinessRoleList test should match snapshot 1`] = `
<div>
  <div
    class="container"
  >
    <div
      class="title"
    >
      Новая бизнес-роль
    </div>
    <div
      class="formWrapper"
    >
      <form
        class="ant-form ant-form-vertical formContainer"
        id="businessRole"
      >
        <div
          class="ant-row"
          style="margin: -3px -12px -3px -12px;"
        >
          <div
            class="ant-col ant-col-12"
            style="padding: 3px 12px 3px 12px;"
          >
            <div
              class="ant-row ant-form-item"
            >
              <div
                class="ant-col ant-form-item-label"
              >
                <label
                  class="ant-form-item-required"
                  for="name"
                  title="Название"
                >
                  Название
                </label>
              </div>
              <div
                class="ant-col ant-form-item-control"
              >
                <div
                  class="ant-form-item-control-input"
                >
                  <div
                    class="ant-form-item-control-input-content"
                  >
                    <span
                      class="ant-input-affix-wrapper"
                    >
                      <input
                        class="ant-input"
                        id="name"
                        maxlength="50"
                        placeholder="Укажите название"
                        type="text"
                        value=""
                      />
                      <span
                        class="ant-input-suffix"
                      >
                        <span
                          aria-label="close-circle"
                          class="anticon anticon-close-circle ant-input-clear-icon-hidden ant-input-clear-icon"
                          role="button"
                          tabindex="-1"
                        >
                          <svg
                            aria-hidden="true"
                            data-icon="close-circle"
                            fill="currentColor"
                            focusable="false"
                            height="1em"
                            viewBox="64 64 896 896"
                            width="1em"
                          >
                            <path
                              d="M512 64C264.6 64 64 264.6 64 512s200.6 448 448 448 448-200.6 448-448S759.4 64 512 64zm165.4 618.2l-66-.3L512 563.4l-99.3 118.4-66.1.3c-4.4 0-8-3.5-8-8 0-1.9.7-3.7 1.9-5.2l130.1-155L340.5 359a8.32 8.32 0 01-1.9-5.2c0-4.4 3.6-8 8-8l66.1.3L512 464.6l99.3-118.4 66-.3c4.4 0 8 3.5 8 8 0 1.9-.7 3.7-1.9 5.2L553.5 514l130 155c1.2 1.5 1.9 3.3 1.9 5.2 0 4.4-3.6 8-8 8z"
                            />
                          </svg>
                        </span>
                      </span>
                    </span>
                  </div>
                </div>
              </div>
            </div>
          </div>
          <div
            class="ant-col ant-col-12"
            style="padding: 3px 12px 3px 12px;"
          >
            <div
              class="ant-row ant-form-item"
            >
              <div
                class="ant-col ant-form-item-label"
              >
                <label
                  class=""
                  for="description"
                  title="Описание"
                >
                  Описание
                </label>
              </div>
              <div
                class="ant-col ant-form-item-control"
              >
                <div
                  class="ant-form-item-control-input"
                >
                  <div
                    class="ant-form-item-control-input-content"
                  >
                    <textarea
                      class="ant-input"
                      id="description"
                      placeholder="Укажите описание"
                      rows="2"
                    />
                  </div>
                </div>
              </div>
            </div>
          </div>
        </div>
      </form>
      
    </div>
    <div
      class="btnGroup"
    >
      <button
        class="ant-btn"
        type="button"
      >
        <span>
          Отменить
        </span>
      </button>
      <button
        class="ant-btn ant-btn-primary"
        form="businessRole"
        type="submit"
      >
        <span>
          Добавить
        </span>
      </button>
    </div>
  </div>
</div>
`;
