// Jest Snapshot v1, https://goo.gl/fbAQLP

exports[`<Template /> tests Template snapshot 1`] = `ShallowWrapper {}`;
