// Jest Snapshot v1, https://goo.gl/fbAQLP

exports[`<Dashboard /> test should be mount snap 1`] = `"<div class=\\"page\\"><div class=\\"container\\"><div class=\\"avatar\\"><span role=\\"img\\" aria-label=\\"user\\" style=\\"font-size:22px;color:#FFF;background-color:#c1c8d1;border-radius:50px;width:32px;height:32px;padding:3px\\" tabindex=\\"-1\\" class=\\"anticon anticon-user ant-dropdown-trigger dropdown\\"><svg viewBox=\\"64 64 896 896\\" focusable=\\"false\\" data-icon=\\"user\\" width=\\"1em\\" height=\\"1em\\" fill=\\"currentColor\\" aria-hidden=\\"true\\"><path d=\\"M858.5 763.6a374 374 0 00-80.6-119.5 375.63 375.63 0 00-119.5-80.6c-.4-.2-.8-.3-1.2-.5C719.5 518 760 444.7 760 362c0-137-111-248-248-248S264 225 264 362c0 82.7 40.5 156 102.8 201.1-.4.2-.8.3-1.2.5-44.8 18.9-85 46-119.5 80.6a375.63 375.63 0 00-80.6 119.5A371.7 371.7 0 00136 901.8a8 8 0 008 8.2h60c4.4 0 7.9-3.5 8-7.8 2-77.2 33-149.5 87.8-204.3 56.7-56.7 132-87.9 212.2-87.9s155.5 31.2 212.2 87.9C779 752.7 810 825 812 902.2c.1 4.4 3.6 7.8 8 7.8h60a8 8 0 008-8.2c-1-47.8-10.9-94.3-29.5-138.2zM512 534c-45.9 0-89.1-17.9-121.6-50.4S340 407.9 340 362c0-45.9 17.9-89.1 50.4-121.6S466.1 190 512 190s89.1 17.9 121.6 50.4S684 316.1 684 362c0 45.9-17.9 89.1-50.4 121.6S557.9 534 512 534z\\"></path></svg></span></div></div><div class=\\"header\\"><h3>Дашборд</h3><div class=\\"navigationPanel\\"><button type=\\"button\\" class=\\"ant-btn ant-btn-primary\\"><span role=\\"img\\" aria-label=\\"redo\\" class=\\"anticon anticon-redo\\"><svg viewBox=\\"64 64 896 896\\" focusable=\\"false\\" data-icon=\\"redo\\" width=\\"1em\\" height=\\"1em\\" fill=\\"currentColor\\" aria-hidden=\\"true\\"><path d=\\"M758.2 839.1C851.8 765.9 912 651.9 912 523.9 912 303 733.5 124.3 512.6 124 291.4 123.7 112 302.8 112 523.9c0 125.2 57.5 236.9 147.6 310.2 3.5 2.8 8.6 2.2 11.4-1.3l39.4-50.5c2.7-3.4 2.1-8.3-1.2-11.1-8.1-6.6-15.9-13.7-23.4-21.2a318.64 318.64 0 01-68.6-101.7C200.4 609 192 567.1 192 523.9s8.4-85.1 25.1-124.5c16.1-38.1 39.2-72.3 68.6-101.7 29.4-29.4 63.6-52.5 101.7-68.6C426.9 212.4 468.8 204 512 204s85.1 8.4 124.5 25.1c38.1 16.1 72.3 39.2 101.7 68.6 29.4 29.4 52.5 63.6 68.6 101.7 16.7 39.4 25.1 81.3 25.1 124.5s-8.4 85.1-25.1 124.5a318.64 318.64 0 01-68.6 101.7c-9.3 9.3-19.1 18-29.3 26L668.2 724a8 8 0 00-14.1 3l-39.6 162.2c-1.2 5 2.6 9.9 7.7 9.9l167 .8c6.7 0 10.5-7.7 6.3-12.9l-37.3-47.9z\\"></path></svg></span><span>Обновить</span></button><div class=\\"ant-dropdown-trigger menuFilter\\"><p>Фильтровать</p><img src=\\"arrow-down.svg\\" alt=\\"\\"/></div></div><div class=\\"filtersBlock\\"></div></div></div>"`;
