// Jest Snapshot v1, https://goo.gl/fbAQLP

exports[`<ClientAppItem /> test should hide tooltip 1`] = `"<div class=\\"cardWrapper\\"><div class=\\"cardInfo\\"><div class=\\"cardName\\"><h4>displayName</h4></div><div class=\\"cardCode\\"><span class=\\"cardCodeLabel\\">Код</span><span class=\\"cardCodeValue\\">code</span></div><div></div></div></div>"`;

exports[`<ClientAppItem /> test should match snapshot and render text props  1`] = `"<div class=\\"cardWrapper\\"><div class=\\"cardInfo\\"><div class=\\"cardName\\"><h4>displayName</h4></div><div class=\\"cardCode\\"><span class=\\"cardCodeLabel\\">Код</span><span class=\\"cardCodeValue\\">code</span></div><div></div></div><div class=\\"cardAction\\"><div class=\\"cardMenu\\"><div class=\\"ant-dropdown-trigger menuButton dropdown\\"><span role=\\"img\\" aria-label=\\"ellipsis\\" class=\\"anticon anticon-ellipsis\\"><svg viewBox=\\"64 64 896 896\\" focusable=\\"false\\" class=\\"\\" data-icon=\\"ellipsis\\" width=\\"1em\\" height=\\"1em\\" fill=\\"currentColor\\" aria-hidden=\\"true\\"><path d=\\"M176 511a56 56 0 10112 0 56 56 0 10-112 0zm280 0a56 56 0 10112 0 56 56 0 10-112 0zm280 0a56 56 0 10112 0 56 56 0 10-112 0z\\"></path></svg></span></div></div></div></div>"`;

exports[`<ClientAppItem /> test should turn to sortable mode 1`] = `"<div class=\\"cardWrapper\\"><div class=\\"cardInfo\\"><div class=\\"cardName\\"><h4>displayName</h4></div><div class=\\"cardCode\\"><span class=\\"cardCodeLabel\\">Код</span><span class=\\"cardCodeValue\\">code</span></div><div></div></div><div class=\\"cardAction\\"><div class=\\"cardMenu\\"><span role=\\"img\\" aria-label=\\"menu\\" class=\\"anticon anticon-menu sortableIcon\\"><svg viewBox=\\"64 64 896 896\\" focusable=\\"false\\" class=\\"\\" data-icon=\\"menu\\" width=\\"1em\\" height=\\"1em\\" fill=\\"currentColor\\" aria-hidden=\\"true\\"><path d=\\"M904 160H120c-4.4 0-8 3.6-8 8v64c0 4.4 3.6 8 8 8h784c4.4 0 8-3.6 8-8v-64c0-4.4-3.6-8-8-8zm0 624H120c-4.4 0-8 3.6-8 8v64c0 4.4 3.6 8 8 8h784c4.4 0 8-3.6 8-8v-64c0-4.4-3.6-8-8-8zm0-312H120c-4.4 0-8 3.6-8 8v64c0 4.4 3.6 8 8 8h784c4.4 0 8-3.6 8-8v-64c0-4.4-3.6-8-8-8z\\"></path></svg></span></div></div></div>"`;
