// Jest Snapshot v1, https://goo.gl/fbAQLP

exports[`<DzoFrom /> test should match snapshot: after loading data 1`] = `
<DocumentFragment>
  <div
    class="container"
  >
    <div
      class="container"
    >
      <div
        class="backButton"
      >
        <span
          aria-label="left"
          class="anticon anticon-left"
          role="img"
        >
          <svg
            aria-hidden="true"
            data-icon="left"
            fill="currentColor"
            focusable="false"
            height="1em"
            viewBox="64 64 896 896"
            width="1em"
          >
            <path
              d="M724 218.3V141c0-6.7-7.7-10.4-12.9-6.3L260.3 486.8a31.86 31.86 0 000 50.3l450.8 352.1c5.3 4.1 12.9.4 12.9-6.3v-77.3c0-4.9-2.3-9.6-6.1-12.6l-360-281 360-281.1c3.8-3 6.1-7.7 6.1-12.6z"
            />
          </svg>
        </span>
          Назад
      </div>
      <div
        class="avatar"
      >
        <span
          aria-label="user"
          class="anticon anticon-user ant-dropdown-trigger dropdown"
          role="img"
          style="font-size: 22px; color: rgb(255, 255, 255); background-color: rgb(193, 200, 209); border-radius: 50px; width: 32px; height: 32px; padding: 3px;"
          tabindex="-1"
        >
          <svg
            aria-hidden="true"
            data-icon="user"
            fill="currentColor"
            focusable="false"
            height="1em"
            viewBox="64 64 896 896"
            width="1em"
          >
            <path
              d="M858.5 763.6a374 374 0 00-80.6-119.5 375.63 375.63 0 00-119.5-80.6c-.4-.2-.8-.3-1.2-.5C719.5 518 760 444.7 760 362c0-137-111-248-248-248S264 225 264 362c0 82.7 40.5 156 102.8 201.1-.4.2-.8.3-1.2.5-44.8 18.9-85 46-119.5 80.6a375.63 375.63 0 00-80.6 119.5A371.7 371.7 0 00136 901.8a8 8 0 008 8.2h60c4.4 0 7.9-3.5 8-7.8 2-77.2 33-149.5 87.8-204.3 56.7-56.7 132-87.9 212.2-87.9s155.5 31.2 212.2 87.9C779 752.7 810 825 812 902.2c.1 4.4 3.6 7.8 8 7.8h60a8 8 0 008-8.2c-1-47.8-10.9-94.3-29.5-138.2zM512 534c-45.9 0-89.1-17.9-121.6-50.4S340 407.9 340 362c0-45.9 17.9-89.1 50.4-121.6S466.1 190 512 190s89.1 17.9 121.6 50.4S684 316.1 684 362c0 45.9-17.9 89.1-50.4 121.6S557.9 534 512 534z"
            />
          </svg>
        </span>
      </div>
    </div>
    <div
      class="wrapper"
    >
      <div
        class="headerTitle"
      >
        Список ДЗО
      </div>
      <div
        class="actions"
      >
        <div
          class="buttons"
        >
          <button
            class="ant-btn ant-btn-primary"
            type="button"
          >
            <span>
              Добавить
            </span>
          </button>
          <button
            class="ant-btn"
            type="button"
          >
            <span>
              Выбрать
            </span>
          </button>
          <span
            class="ant-input-affix-wrapper"
          >
            <span
              class="ant-input-prefix"
            >
              <span
                aria-label="search"
                class="anticon anticon-search"
                role="img"
              >
                <svg
                  aria-hidden="true"
                  data-icon="search"
                  fill="currentColor"
                  focusable="false"
                  height="1em"
                  viewBox="64 64 896 896"
                  width="1em"
                >
                  <path
                    d="M909.6 854.5L649.9 594.8C690.2 542.7 712 479 712 412c0-80.2-31.3-155.4-87.9-212.1-56.6-56.7-132-87.9-212.1-87.9s-155.5 31.3-212.1 87.9C143.2 256.5 112 331.8 112 412c0 80.1 31.3 155.5 87.9 212.1C256.5 680.8 331.8 712 412 712c67 0 130.6-21.8 182.7-62l259.7 259.6a8.2 8.2 0 0011.6 0l43.6-43.5a8.2 8.2 0 000-11.6zM570.4 570.4C528 612.7 471.8 636 412 636s-116-23.3-158.4-65.6C211.3 528 188 471.8 188 412s23.3-116.1 65.6-158.4C296 211.3 352.2 188 412 188s116.1 23.2 158.4 65.6S636 352.2 636 412s-23.3 116.1-65.6 158.4z"
                  />
                </svg>
              </span>
            </span>
            <input
              class="ant-input"
              placeholder="Поиск по названию дзо"
              type="text"
              value=""
            />
            <span
              class="ant-input-suffix"
            >
              <span
                aria-label="close-circle"
                class="anticon anticon-close-circle ant-input-clear-icon-hidden ant-input-clear-icon"
                role="button"
                tabindex="-1"
              >
                <svg
                  aria-hidden="true"
                  data-icon="close-circle"
                  fill="currentColor"
                  focusable="false"
                  height="1em"
                  viewBox="64 64 896 896"
                  width="1em"
                >
                  <path
                    d="M512 64C264.6 64 64 264.6 64 512s200.6 448 448 448 448-200.6 448-448S759.4 64 512 64zm165.4 618.2l-66-.3L512 563.4l-99.3 118.4-66.1.3c-4.4 0-8-3.5-8-8 0-1.9.7-3.7 1.9-5.2l130.1-155L340.5 359a8.32 8.32 0 01-1.9-5.2c0-4.4 3.6-8 8-8l66.1.3L512 464.6l99.3-118.4 66-.3c4.4 0 8 3.5 8 8 0 1.9-.7 3.7-1.9 5.2L553.5 514l130 155c1.2 1.5 1.9 3.3 1.9 5.2 0 4.4-3.6 8-8 8z"
                  />
                </svg>
              </span>
            </span>
          </span>
        </div>
        <button
          class="ant-btn ant-dropdown-trigger dropdownButton"
          type="button"
        >
          <span>
            Сортировать 
          </span>
          <span
            aria-label="down"
            class="anticon anticon-down"
            role="img"
            style="font-size: 14px; color: rgb(195, 201, 208);"
          >
            <svg
              aria-hidden="true"
              data-icon="down"
              fill="currentColor"
              focusable="false"
              height="1em"
              viewBox="64 64 896 896"
              width="1em"
            >
              <path
                d="M884 256h-75c-5.1 0-9.9 2.5-12.9 6.6L512 654.2 227.9 262.6c-3-4.1-7.8-6.6-12.9-6.6h-75c-6.5 0-10.3 7.4-6.5 12.7l352.6 486.1c12.8 17.6 39 17.6 51.7 0l352.6-486.1c3.9-5.3.1-12.7-6.4-12.7z"
              />
            </svg>
          </span>
        </button>
      </div>
    </div>
    <div
      class="tableWrapper"
    >
      <div
        class="ant-table-wrapper table"
      >
        <div
          class="ant-spin-nested-loading"
        >
          <div
            class="ant-spin-container"
          >
            <div
              class="ant-table"
            >
              <div
                class="ant-table-container"
              >
                <div
                  class="ant-table-content"
                >
                  <table
                    style="table-layout: auto;"
                  >
                    <colgroup>
                      <col
                        style="width: 45%;"
                      />
                      <col
                        style="width: 40%;"
                      />
                      <col
                        style="width: 15%;"
                      />
                    </colgroup>
                    <tbody
                      class="ant-table-tbody"
                    >
                      <tr
                        class="ant-table-row ant-table-row-level-0"
                        data-row-key="0"
                      >
                        <td
                          class="ant-table-cell"
                        >
                          <div
                            class="tableTitle"
                          >
                            Название
                          </div>
                          <div
                            class="tableCell"
                          >
                            Беру!
                          </div>
                        </td>
                        <td
                          class="ant-table-cell"
                        >
                          <div
                            class="tableTitle"
                          >
                            ID
                          </div>
                          <div
                            class="tableCell"
                          >
                            0
                          </div>
                        </td>
                        <td
                          class="ant-table-cell"
                        >
                          <div
                            class="tableTitle"
                          >
                            Код
                          </div>
                          <div
                            class="tableCell"
                          >
                            beru_code
                          </div>
                        </td>
                      </tr>
                      <tr
                        class="ant-table-row ant-table-row-level-0"
                        data-row-key="3"
                      >
                        <td
                          class="ant-table-cell"
                        >
                          <div
                            class="tableTitle"
                          >
                            Название
                          </div>
                          <div
                            class="tableCell"
                          >
                            Сбермаркет
                          </div>
                        </td>
                        <td
                          class="ant-table-cell"
                        >
                          <div
                            class="tableTitle"
                          >
                            ID
                          </div>
                          <div
                            class="tableCell"
                          >
                            3
                          </div>
                        </td>
                        <td
                          class="ant-table-cell"
                        >
                          <div
                            class="tableTitle"
                          >
                            Код
                          </div>
                          <div
                            class="tableCell"
                          >
                            sbermarket_old
                          </div>
                        </td>
                      </tr>
                      <tr
                        class="ant-table-row ant-table-row-level-0"
                        data-row-key="70"
                      >
                        <td
                          class="ant-table-cell"
                        >
                          <div
                            class="tableTitle"
                          >
                            Название
                          </div>
                          <div
                            class="tableCell"
                          >
                            СберМобайл
                          </div>
                        </td>
                        <td
                          class="ant-table-cell"
                        >
                          <div
                            class="tableTitle"
                          >
                            ID
                          </div>
                          <div
                            class="tableCell"
                          >
                            70
                          </div>
                        </td>
                        <td
                          class="ant-table-cell"
                        >
                          <div
                            class="tableTitle"
                          >
                            Код
                          </div>
                          <div
                            class="tableCell"
                          >
                            sbermobile
                          </div>
                        </td>
                      </tr>
                    </tbody>
                  </table>
                </div>
              </div>
            </div>
          </div>
        </div>
      </div>
    </div>
  </div>
</DocumentFragment>
`;
