// Jest Snapshot v1, https://goo.gl/fbAQLP

exports[`<StepInfo /> create mode tests. should match snapshot 1`] = `"<form class=\\"ant-form ant-form-horizontal\\"><div class=\\"contentContainer container\\"><div style=\\"max-width:100%\\"><div class=\\"ant-row\\" style=\\"margin-left:-12px;margin-right:-12px;margin-top:-2.5px;margin-bottom:-2.5px\\"><div style=\\"padding-left:12px;padding-right:12px;padding-top:2.5px;padding-bottom:2.5px\\" class=\\"ant-col ant-col-24\\"><div class=\\"ant-row ant-form-item promoCampaignName\\"><div class=\\"ant-col ant-form-item-label\\"><label for=\\"name\\" class=\\"ant-form-item-required\\" title=\\"Название промо-кампании\\">Название промо-кампании</label></div><div class=\\"ant-col ant-form-item-control\\"><div class=\\"ant-form-item-control-input\\"><div class=\\"ant-form-item-control-input-content\\"><input type=\\"text\\" placeholder=\\"Например: Промо-кампания СберМаркет\\" value=\\"\\" id=\\"name\\" class=\\"ant-input\\"/></div></div></div></div></div><div style=\\"padding-left:12px;padding-right:12px;padding-top:2.5px;padding-bottom:2.5px\\" class=\\"ant-col ant-col-16\\"><div class=\\"ant-row ant-form-item selectCategories\\"><div class=\\"ant-col ant-form-item-label\\"><label for=\\"categoryIdList\\" class=\\"\\" title=\\"Категории\\">Категории</label></div><div class=\\"ant-col ant-form-item-control\\"><div class=\\"ant-form-item-control-input\\"><div class=\\"ant-form-item-control-input-content\\"><div class=\\"ant-select select ant-select-multiple ant-select-show-arrow\\"><div class=\\"ant-select-selector\\"><div class=\\"ant-select-selection-overflow\\"><div class=\\"ant-select-selection-overflow-item ant-select-selection-overflow-item-suffix\\" style=\\"opacity:1\\"><div class=\\"ant-select-selection-search\\" style=\\"width:0\\"><input type=\\"search\\" autoComplete=\\"off\\" class=\\"ant-select-selection-search-input\\" role=\\"combobox\\" aria-haspopup=\\"listbox\\" aria-owns=\\"undefined_list\\" aria-autocomplete=\\"list\\" aria-controls=\\"undefined_list\\" aria-activedescendant=\\"undefined_list_0\\" value=\\"\\"/><span class=\\"ant-select-selection-search-mirror\\" aria-hidden=\\"true\\"> </span></div></div></div><span class=\\"ant-select-selection-placeholder\\">Выберите категорию</span></div><span class=\\"ant-select-arrow\\" style=\\"user-select:none;-webkit-user-select:none\\" unselectable=\\"on\\" aria-hidden=\\"true\\"><div class=\\"suffixBlock\\"><span role=\\"img\\" aria-label=\\"down\\" class=\\"anticon anticon-down icon\\"><svg viewBox=\\"64 64 896 896\\" focusable=\\"false\\" data-icon=\\"down\\" width=\\"1em\\" height=\\"1em\\" fill=\\"currentColor\\" aria-hidden=\\"true\\"><path d=\\"M884 256h-75c-5.1 0-9.9 2.5-12.9 6.6L512 654.2 227.9 262.6c-3-4.1-7.8-6.6-12.9-6.6h-75c-6.5 0-10.3 7.4-6.5 12.7l352.6 486.1c12.8 17.6 39 17.6 51.7 0l352.6-486.1c3.9-5.3.1-12.7-6.4-12.7z\\"></path></svg></span><div class=\\"closeIcon\\"></div></div></span></div></div></div></div></div></div><div style=\\"padding-left:12px;padding-right:12px;padding-top:2.5px;padding-bottom:2.5px\\" class=\\"ant-col ant-col-8 switchRow\\"><div class=\\"statusInfo\\"><div class=\\"viewInfo\\"><span class=\\"statusText\\">Отображать видеоэкскурсию</span><div class=\\"ant-row ant-form-item\\"><div class=\\"ant-col ant-form-item-control\\"><div class=\\"ant-form-item-control-input\\"><div class=\\"ant-form-item-control-input-content\\"><button id=\\"settings_disabled_banner_types\\" type=\\"button\\" role=\\"switch\\" aria-checked=\\"true\\" class=\\"ant-switch ant-switch-checked\\"><div class=\\"ant-switch-handle\\"></div><span class=\\"ant-switch-inner\\"></span></button></div></div></div></div></div></div></div><div style=\\"padding-left:12px;padding-right:12px;padding-top:2.5px;padding-bottom:2.5px\\" class=\\"ant-col ant-col-8\\"><div class=\\"ant-row ant-form-item formItem\\"><div class=\\"ant-col ant-form-item-control\\"><div class=\\"ant-form-item-control-input\\"><div class=\\"ant-form-item-control-input-content\\"><input type=\\"text\\" placeholder=\\"URL\\" value=\\"\\" id=\\"webUrl\\" class=\\"ant-input\\"/></div></div></div></div></div><div style=\\"padding-left:12px;padding-right:12px;padding-top:2.5px;padding-bottom:2.5px\\" class=\\"ant-col ant-col-8\\"><div class=\\"ant-row ant-form-item\\"><div class=\\"ant-col ant-form-item-label\\"><label for=\\"settings_priority_on_web_url\\" class=\\"ant-form-item-required\\" title=\\"Источник ссылки\\">Источник ссылки</label></div><div class=\\"ant-col ant-form-item-control\\"><div class=\\"ant-form-item-control-input\\"><div class=\\"ant-form-item-control-input-content\\"><div class=\\"ant-radio-group ant-radio-group-outline urlSource\\" id=\\"settings_priority_on_web_url\\"><label class=\\"ant-radio-wrapper ant-radio-wrapper-checked\\"><span class=\\"ant-radio ant-radio-checked\\"><input type=\\"radio\\" class=\\"ant-radio-input\\" checked=\\"\\" value=\\"DZO\\"/><span class=\\"ant-radio-inner\\"></span></span><span>ДЗО</span></label><label class=\\"ant-radio-wrapper\\"><span class=\\"ant-radio\\"><input type=\\"radio\\" class=\\"ant-radio-input\\" value=\\"PROMO_CAMPAIGN\\"/><span class=\\"ant-radio-inner\\"></span></span><span>Промо-кампания</span></label></div></div></div></div></div></div><div style=\\"padding-left:12px;padding-right:12px;padding-top:2.5px;padding-bottom:2.5px\\" class=\\"ant-col ant-col-8 switchRow\\"><div class=\\"statusInfo\\"><div class=\\"viewInfo\\"><span class=\\"statusText\\">Отображать кнопку &quot;Перейти на сайт&quot;</span><div class=\\"ant-row ant-form-item\\"><div class=\\"ant-col ant-form-item-control\\"><div class=\\"ant-form-item-control-input\\"><div class=\\"ant-form-item-control-input-content\\"><button id=\\"settings_alternative_offer_mechanic\\" type=\\"button\\" role=\\"switch\\" aria-checked=\\"false\\" class=\\"ant-switch\\"><div class=\\"ant-switch-handle\\"></div><span class=\\"ant-switch-inner\\"></span></button></div></div></div></div></div></div></div><div style=\\"padding-left:12px;padding-right:12px;padding-top:2.5px;padding-bottom:2.5px\\" class=\\"ant-col ant-col-8\\"><div class=\\"ant-row ant-form-item formItem\\"><div class=\\"ant-col ant-form-item-label\\"><label for=\\"dzoId\\" class=\\"ant-form-item-required\\" title=\\"ДЗО\\">ДЗО</label></div><div class=\\"ant-col ant-form-item-control\\"><div class=\\"ant-form-item-control-input\\"><div class=\\"ant-form-item-control-input-content\\"><div class=\\"ant-select ant-select-single ant-select-show-arrow\\"><div class=\\"ant-select-selector\\"><span class=\\"ant-select-selection-search\\"><input type=\\"search\\" id=\\"dzoId\\" autoComplete=\\"off\\" class=\\"ant-select-selection-search-input\\" style=\\"opacity:0\\" role=\\"combobox\\" aria-haspopup=\\"listbox\\" aria-owns=\\"dzoId_list\\" aria-autocomplete=\\"list\\" aria-controls=\\"dzoId_list\\" aria-activedescendant=\\"dzoId_list_0\\" value=\\"\\" readonly=\\"\\" unselectable=\\"on\\"/></span><span class=\\"ant-select-selection-placeholder\\">Выбрать</span></div><span class=\\"ant-select-arrow\\" style=\\"user-select:none;-webkit-user-select:none\\" unselectable=\\"on\\" aria-hidden=\\"true\\"><span role=\\"img\\" aria-label=\\"down\\" class=\\"anticon anticon-down ant-select-suffix\\"><svg viewBox=\\"64 64 896 896\\" focusable=\\"false\\" data-icon=\\"down\\" width=\\"1em\\" height=\\"1em\\" fill=\\"currentColor\\" aria-hidden=\\"true\\"><path d=\\"M884 256h-75c-5.1 0-9.9 2.5-12.9 6.6L512 654.2 227.9 262.6c-3-4.1-7.8-6.6-12.9-6.6h-75c-6.5 0-10.3 7.4-6.5 12.7l352.6 486.1c12.8 17.6 39 17.6 51.7 0l352.6-486.1c3.9-5.3.1-12.7-6.4-12.7z\\"></path></svg></span></span></div></div></div></div></div></div><div style=\\"padding-left:12px;padding-right:12px;padding-top:2.5px;padding-bottom:2.5px\\" class=\\"ant-col ant-col-8\\"><div class=\\"ant-row ant-form-item formItem\\"><div class=\\"ant-col ant-form-item-label\\"><label for=\\"datePicker\\" class=\\"\\" title=\\"Период действия\\">Период действия</label></div><div class=\\"ant-col ant-form-item-control\\"><div class=\\"ant-form-item-control-input\\"><div class=\\"ant-form-item-control-input-content\\"><div class=\\"ant-picker ant-picker-range\\"><div class=\\"ant-picker-input ant-picker-input-active\\"><input id=\\"datePicker\\" readonly=\\"\\" value=\\"\\" placeholder=\\"дд.мм.гг\\" size=\\"12\\" autoComplete=\\"off\\"/></div><div class=\\"ant-picker-range-separator\\"><span aria-label=\\"to\\" class=\\"ant-picker-separator\\"><span role=\\"img\\" aria-label=\\"swap-right\\" class=\\"anticon anticon-swap-right\\"><svg viewBox=\\"0 0 1024 1024\\" focusable=\\"false\\" data-icon=\\"swap-right\\" width=\\"1em\\" height=\\"1em\\" fill=\\"currentColor\\" aria-hidden=\\"true\\"><path d=\\"M873.1 596.2l-164-208A32 32 0 00684 376h-64.8c-6.7 0-10.4 7.7-6.3 13l144.3 183H152c-4.4 0-8 3.6-8 8v60c0 4.4 3.6 8 8 8h695.9c26.8 0 41.7-30.8 25.2-51.8z\\"></path></svg></span></span></div><div class=\\"ant-picker-input\\"><input readonly=\\"\\" value=\\"\\" placeholder=\\"дд.мм.гг\\" size=\\"12\\" autoComplete=\\"off\\"/></div><div class=\\"ant-picker-active-bar\\" style=\\"left:0;width:0;position:absolute\\"></div><span class=\\"ant-picker-suffix\\"><span role=\\"img\\" aria-label=\\"calendar\\" class=\\"anticon anticon-calendar\\"><svg viewBox=\\"64 64 896 896\\" focusable=\\"false\\" data-icon=\\"calendar\\" width=\\"1em\\" height=\\"1em\\" fill=\\"currentColor\\" aria-hidden=\\"true\\"><path d=\\"M880 184H712v-64c0-4.4-3.6-8-8-8h-56c-4.4 0-8 3.6-8 8v64H384v-64c0-4.4-3.6-8-8-8h-56c-4.4 0-8 3.6-8 8v64H144c-17.7 0-32 14.3-32 32v664c0 17.7 14.3 32 32 32h736c17.7 0 32-14.3 32-32V216c0-17.7-14.3-32-32-32zm-40 656H184V460h656v380zM184 392V256h128v48c0 4.4 3.6 8 8 8h56c4.4 0 8-3.6 8-8v-48h256v48c0 4.4 3.6 8 8 8h56c4.4 0 8-3.6 8-8v-48h128v136H184z\\"></path></svg></span></span></div></div></div></div></div></div><div style=\\"padding-left:12px;padding-right:12px;padding-top:2.5px;padding-bottom:2.5px\\" class=\\"ant-col ant-col-8 switchRow\\"><div class=\\"statusInfo\\"><div class=\\"viewInfo\\"><span class=\\"statusText\\">Отображать только в составе бандла</span><div class=\\"ant-row ant-form-item\\"><div class=\\"ant-col ant-form-item-control\\"><div class=\\"ant-form-item-control-input\\"><div class=\\"ant-form-item-control-input-content\\"><button id=\\"standalone\\" type=\\"button\\" role=\\"switch\\" aria-checked=\\"true\\" class=\\"ant-switch ant-switch-checked\\"><div class=\\"ant-switch-handle\\"></div><span class=\\"ant-switch-inner\\"></span></button></div></div></div></div></div></div></div><div style=\\"padding-left:12px;padding-right:12px;padding-top:2.5px;padding-bottom:2.5px\\" class=\\"ant-col ant-col-8\\"><div class=\\"ant-row ant-form-item formItem\\"><div class=\\"ant-col ant-form-item-label\\"><label for=\\"promoCodeType\\" class=\\"ant-form-item-required\\" title=\\"Тип промокода\\">Тип промокода</label></div><div class=\\"ant-col ant-form-item-control\\"><div class=\\"ant-form-item-control-input\\"><div class=\\"ant-form-item-control-input-content\\"><div class=\\"ant-select ant-select-single ant-select-show-arrow\\"><div class=\\"ant-select-selector\\"><span class=\\"ant-select-selection-search\\"><input type=\\"search\\" id=\\"promoCodeType\\" autoComplete=\\"off\\" class=\\"ant-select-selection-search-input\\" style=\\"opacity:0\\" role=\\"combobox\\" aria-haspopup=\\"listbox\\" aria-owns=\\"promoCodeType_list\\" aria-autocomplete=\\"list\\" aria-controls=\\"promoCodeType_list\\" aria-activedescendant=\\"promoCodeType_list_0\\" value=\\"\\" readonly=\\"\\" unselectable=\\"on\\"/></span><span class=\\"ant-select-selection-placeholder\\">Тип промокода</span></div><span class=\\"ant-select-arrow\\" style=\\"user-select:none;-webkit-user-select:none\\" unselectable=\\"on\\" aria-hidden=\\"true\\"><span role=\\"img\\" aria-label=\\"down\\" class=\\"anticon anticon-down ant-select-suffix\\"><svg viewBox=\\"64 64 896 896\\" focusable=\\"false\\" data-icon=\\"down\\" width=\\"1em\\" height=\\"1em\\" fill=\\"currentColor\\" aria-hidden=\\"true\\"><path d=\\"M884 256h-75c-5.1 0-9.9 2.5-12.9 6.6L512 654.2 227.9 262.6c-3-4.1-7.8-6.6-12.9-6.6h-75c-6.5 0-10.3 7.4-6.5 12.7l352.6 486.1c12.8 17.6 39 17.6 51.7 0l352.6-486.1c3.9-5.3.1-12.7-6.4-12.7z\\"></path></svg></span></span></div></div></div></div></div></div><div style=\\"padding-left:12px;padding-right:12px;padding-top:2.5px;padding-bottom:2.5px\\" class=\\"ant-col ant-col-8\\"><div class=\\"ant-row ant-form-item formItem\\"><div class=\\"ant-col ant-form-item-label\\"><label for=\\"externalId\\" class=\\"\\" title=\\"Внешний ID\\">Внешний ID</label></div><div class=\\"ant-col ant-form-item-control\\"><div class=\\"ant-form-item-control-input\\"><div class=\\"ant-form-item-control-input-content\\"><input type=\\"text\\" maxLength=\\"64\\" placeholder=\\"Введите внешний ID\\" value=\\"\\" id=\\"externalId\\" class=\\"ant-input\\"/></div></div></div></div></div><div style=\\"padding-left:12px;padding-right:12px;padding-top:2.5px;padding-bottom:2.5px\\" class=\\"ant-col ant-col-8\\"><div class=\\"statusInfo\\"><div>Промо-кампания отключена</div><div class=\\"viewInfo\\"><span class=\\"statusText\\">Пользователи видят промо-кампанию</span><div class=\\"ant-row ant-form-item\\"><div class=\\"ant-col ant-form-item-control\\"><div class=\\"ant-form-item-control-input\\"><div class=\\"ant-form-item-control-input-content\\"><button id=\\"active\\" type=\\"button\\" role=\\"switch\\" aria-checked=\\"false\\" class=\\"ant-switch\\"><div class=\\"ant-switch-handle\\"></div><span class=\\"ant-switch-inner\\"></span></button></div></div></div></div></div></div></div><div style=\\"padding-left:12px;padding-right:12px;padding-top:2.5px;padding-bottom:2.5px\\" class=\\"ant-col ant-col-8 switchRow\\"><div class=\\"ant-row ant-form-item\\"><div class=\\"ant-col ant-form-item-label\\"><label for=\\"behaviorType\\" class=\\"\\" title=\\"Отображать QR-код\\">Отображать QR-код</label></div><div class=\\"ant-col ant-form-item-control\\"><div class=\\"ant-form-item-control-input\\"><div class=\\"ant-form-item-control-input-content\\"><button id=\\"behaviorType\\" type=\\"button\\" role=\\"switch\\" aria-checked=\\"false\\" class=\\"ant-switch\\"><div class=\\"ant-switch-handle\\"></div><span class=\\"ant-switch-inner\\"></span></button></div></div></div></div></div><div style=\\"padding-left:12px;padding-right:12px;padding-top:2.5px;padding-bottom:2.5px\\" class=\\"ant-col ant-col-8 switchRow\\"><div class=\\"ant-row ant-form-item\\"><div class=\\"ant-col ant-form-item-label\\"><label for=\\"checkoutType\\" class=\\"\\" title=\\"Оформить продажу\\">Оформить продажу</label></div><div class=\\"ant-col ant-form-item-control\\"><div class=\\"ant-form-item-control-input\\"><div class=\\"ant-form-item-control-input-content\\"><button id=\\"checkoutType\\" type=\\"button\\" role=\\"switch\\" aria-checked=\\"false\\" class=\\"ant-switch\\"><div class=\\"ant-switch-handle\\"></div><span class=\\"ant-switch-inner\\"></span></button></div></div></div></div></div><div style=\\"padding-left:12px;padding-right:12px;padding-top:2.5px;padding-bottom:2.5px\\" class=\\"ant-col ant-col-8 switchRow\\"><div class=\\"ant-row ant-form-item formItem ant-form-item-hidden\\"><div class=\\"ant-col ant-form-item-label\\"><label for=\\"productOfferId\\" class=\\"\\" title=\\"Идентификатор продуктового предложения\\">Идентификатор продуктового предложения</label></div><div class=\\"ant-col ant-form-item-control\\"><div class=\\"ant-form-item-control-input\\"><div class=\\"ant-form-item-control-input-content\\"><input type=\\"text\\" maxLength=\\"3\\" placeholder=\\"Введите ID продуктового предложения\\" value=\\"\\" id=\\"productOfferId\\" class=\\"ant-input\\"/></div></div></div></div></div><div style=\\"padding-left:12px;padding-right:12px;padding-top:2.5px;padding-bottom:2.5px\\" class=\\"ant-col ant-col-16 formGroup\\"><span class=\\"formGroupLabel\\">Настройки детальной кнопки</span><div style=\\"padding-left:12px;padding-right:12px;padding-top:2.5px;padding-bottom:2.5px\\" class=\\"ant-col ant-col-12\\"><div class=\\"ant-row ant-form-item formItem\\"><div class=\\"ant-col ant-form-item-label\\"><label for=\\"settings_details_button_label\\" class=\\"\\" title=\\"Текст кнопки\\">Текст кнопки</label></div><div class=\\"ant-col ant-form-item-control\\"><div class=\\"ant-form-item-control-input\\"><div class=\\"ant-form-item-control-input-content\\"><input type=\\"text\\" placeholder=\\"Детали\\" maxLength=\\"30\\" value=\\"\\" id=\\"settings_details_button_label\\" class=\\"ant-input\\"/></div></div></div></div></div><div style=\\"padding-left:12px;padding-right:12px;padding-top:2.5px;padding-bottom:2.5px\\" class=\\"ant-col ant-col-12\\"><div class=\\"ant-row ant-form-item formItem\\"><div class=\\"ant-col ant-form-item-label\\"><label for=\\"settings_details_button_url\\" class=\\"\\" title=\\"Ссылка для кнопки\\">Ссылка для кнопки</label></div><div class=\\"ant-col ant-form-item-control\\"><div class=\\"ant-form-item-control-input\\"><div class=\\"ant-form-item-control-input-content\\"><input type=\\"text\\" placeholder=\\"URL\\" value=\\"\\" id=\\"settings_details_button_url\\" class=\\"ant-input\\"/></div></div></div></div></div></div></div></div></div><div class=\\"infoDetail\\"><div class=\\"ant-row\\" style=\\"margin-left:-12px;margin-right:-12px\\"><div style=\\"padding-left:12px;padding-right:12px\\" class=\\"ant-col ant-col-12\\"><div class=\\"contentContainer\\"><div style=\\"max-width:100%\\"><div class=\\"ant-row ant-form-item\\"><div class=\\"ant-col ant-form-item-label\\"><label for=\\"appCode\\" class=\\"ant-form-item-required\\" title=\\"Витрина, в которой показывать промо-кампанию\\">Витрина, в которой показывать промо-кампанию</label></div><div class=\\"ant-col ant-form-item-control\\"><div class=\\"ant-form-item-control-input\\"><div class=\\"ant-form-item-control-input-content\\"><div class=\\"ant-select ant-select-single ant-select-show-arrow\\"><div class=\\"ant-select-selector\\"><span class=\\"ant-select-selection-search\\"><input type=\\"search\\" id=\\"appCode\\" autoComplete=\\"off\\" class=\\"ant-select-selection-search-input\\" style=\\"opacity:0\\" role=\\"combobox\\" aria-haspopup=\\"listbox\\" aria-owns=\\"appCode_list\\" aria-autocomplete=\\"list\\" aria-controls=\\"appCode_list\\" aria-activedescendant=\\"appCode_list_0\\" value=\\"\\" readonly=\\"\\" unselectable=\\"on\\"/></span><span class=\\"ant-select-selection-placeholder\\">Выберите витрину</span></div><span class=\\"ant-select-arrow\\" style=\\"user-select:none;-webkit-user-select:none\\" unselectable=\\"on\\" aria-hidden=\\"true\\"><span role=\\"img\\" aria-label=\\"down\\" class=\\"anticon anticon-down ant-select-suffix\\"><svg viewBox=\\"64 64 896 896\\" focusable=\\"false\\" data-icon=\\"down\\" width=\\"1em\\" height=\\"1em\\" fill=\\"currentColor\\" aria-hidden=\\"true\\"><path d=\\"M884 256h-75c-5.1 0-9.9 2.5-12.9 6.6L512 654.2 227.9 262.6c-3-4.1-7.8-6.6-12.9-6.6h-75c-6.5 0-10.3 7.4-6.5 12.7l352.6 486.1c12.8 17.6 39 17.6 51.7 0l352.6-486.1c3.9-5.3.1-12.7-6.4-12.7z\\"></path></svg></span></span></div></div></div></div></div></div></div></div><div style=\\"padding-left:12px;padding-right:12px\\" class=\\"ant-col ant-col-12\\"><div class=\\"contentContainer\\"><div style=\\"max-width:100%\\"><div class=\\"ant-row ant-form-item\\"><div class=\\"ant-col ant-form-item-label\\"><label for=\\"type\\" class=\\"ant-form-item-required\\" title=\\"Тип промо-кампании\\">Тип промо-кампании</label></div><div class=\\"ant-col ant-form-item-control\\"><div class=\\"ant-form-item-control-input\\"><div class=\\"ant-form-item-control-input-content\\"><div class=\\"ant-radio-group ant-radio-group-outline\\" id=\\"type\\"><label class=\\"ant-radio-wrapper checkbox\\"><span class=\\"ant-radio\\"><input type=\\"radio\\" class=\\"ant-radio-input\\" value=\\"NORMAL\\"/><span class=\\"ant-radio-inner\\"></span></span><span>Экскурсия</span></label><label class=\\"ant-radio-wrapper checkbox\\"><span class=\\"ant-radio\\"><input type=\\"radio\\" class=\\"ant-radio-input\\" value=\\"PRESENT\\"/><span class=\\"ant-radio-inner\\"></span></span><span>Подарки</span></label></div></div></div></div></div><div class=\\"ant-row ant-form-item\\"><div class=\\"ant-col ant-form-item-control\\"><div class=\\"ant-form-item-control-input\\"><div class=\\"ant-form-item-control-input-content\\"><input type=\\"text\\" value=\\"90\\" id=\\"offerDuration\\" class=\\"ant-input\\"/></div></div></div></div></div></div></div></div></div></form>"`;
