// Jest Snapshot v1, https://goo.gl/fbAQLP

exports[`<UsersList /> test UserList snapshot 1`] = `
"<div className=\\"loadingPage\\">
  Загрузка...
</div>"
`;
