// Jest Snapshot v1, https://goo.gl/fbAQLP

exports[`<PromoCampaignItem /> test should match snapshot 1`] = `"<div class=\\"cardWrapper\\"><div class=\\"cardInfo\\"><div class=\\"cardInfo__header\\"><div class=\\"cardName\\">Промо-кампания Сбермаркет для витрины ВСП</div><div class=\\"subInfo type\\"><div class=\\"subInfo__label\\">Тип</div><div class=\\"subInfo__value\\">Подарки</div></div><div class=\\"subInfo promoCode\\"><div class=\\"subInfo__label\\">Промо-код</div><div class=\\"subInfo__value\\">Персональный</div></div><div class=\\"subInfo startDate\\"><div class=\\"subInfo__label\\">Создано</div><div class=\\"subInfo__value\\">13.02.2021</div></div><div class=\\"subInfo endDate\\"><div class=\\"subInfo__label\\">Окончание</div><div class=\\"subInfo__value\\">08.03.2021</div></div></div><div class=\\"cardInfo__footer\\"><div class=\\"status\\">СберЗдоровье</div><div class=\\"status\\">Активная</div></div></div><div class=\\"cardAction\\"><div class=\\"cardMenu\\"><div class=\\"ant-dropdown-trigger menuButton dropdown\\"><span role=\\"img\\" aria-label=\\"ellipsis\\" class=\\"anticon anticon-ellipsis\\"><svg viewBox=\\"64 64 896 896\\" focusable=\\"false\\" data-icon=\\"ellipsis\\" width=\\"1em\\" height=\\"1em\\" fill=\\"currentColor\\" aria-hidden=\\"true\\"><path d=\\"M176 511a56 56 0 10112 0 56 56 0 10-112 0zm280 0a56 56 0 10112 0 56 56 0 10-112 0zm280 0a56 56 0 10112 0 56 56 0 10-112 0z\\"></path></svg></span></div></div></div></div>"`;
